  [38;2;92;201;214m▌[m [38;2;92;201;214m✓ bash: git diff (7 lines)[m                                                                                       [38;2;92;201;214m8ms[m
  [38;2;143;160;179;48;2;10;15;23mdiff --git a/foo.go b/foo.go                                                                                          [m
  [38;2;143;160;179;48;2;10;15;23mindex abc1234..def5678 100644                                                                                         [m
  [38;2;143;160;179;48;2;10;15;23m--- a/foo.go                                                                                                          [m
  [38;2;143;160;179;48;2;10;15;23m+++ b/foo.go                                                                                                          [m
  [1;38;2;143;199;255;48;2;27;38;54m@@ -1,1 +1,1 @@                                                                                                       [m
  [38;2;143;160;179;48;2;10;15;23m    1[m [1;38;2;255;176;171;48;2;45;21;23mold[m[38;2;255;123;114;48;2;45;21;23m := a.compute()[m[48;2;45;21;23m                                                                                              [m
  [38;2;143;160;179;48;2;10;15;23m    1[m [1;38;2;178;241;183;48;2;18;48;31mnew[m[38;2;126;231;135;48;2;18;48;31m := a.compute()[m[48;2;18;48;31m                                                                                              [m
